// Jest Snapshot v1, https://goo.gl/fbAQLP

exports[`<Project /> renders the UI as expected 1`] = `
<div
  className="Project"
>
  <img
    alt="project picture"
    src="https://www.pic.com/pic.png"
  />
  <div
    className="Project--info"
  >
    <h3>
      project
    </h3>
    <div
      className="Project--links"
    >
      <a
        href="https://www.site.com"
        rel="noopener noreferrer"
        target="_blank"
      >
        Site
      </a>
       
      âˆ™
       
      <a
        href="https://www.site.com"
        rel="noopener noreferrer"
        target="_blank"
      >
        Client Repo
      </a>
    </div>
    <div />
  </div>
</div>
`;
