// Jest Snapshot v1, https://goo.gl/fbAQLP

exports[`Section Component renders the UI as expected 1`] = `
<section
  className="undefined Section"
/>
`;
