// Jest Snapshot v1, https://goo.gl/fbAQLP

exports[`<Section /> renders the UI as expected 1`] = `
<section
  className="hero Section"
/>
`;
